
[1m[46m RUN [49m[22m [36mv4.0.18 [39m[90m/Users/wmeetsma/Documents/korfstat-pro[39m
      [2mCoverage enabled with [22m[33mv8[39m

 [31m❯[39m components/__tests__/MatchTracker.test.tsx [2m([22m[2m20 tests[22m[2m | [22m[31m3 failed[39m[2m)[22m[33m 1400[2mms[22m[39m
     [32m✓[39m renders team names and scores[32m 46[2mms[22m[39m
     [32m✓[39m displays correct time[32m 9[2mms[22m[39m
     [32m✓[39m opens context menu when field is clicked[32m 17[2mms[22m[39m
[31m     [31m×[31m allows adding a goal via roster click[39m[32m 20[2mms[22m[39m
     [32m✓[39m allows a foul via context menu[32m 26[2mms[22m[39m
     [32m✓[39m allows a card via context menu[32m 33[2mms[22m[39m
     [32m✓[39m allows a turnover via shortcut logic[32m 17[2mms[22m[39m
     [32m✓[39m handles substitution flow[32m 26[2mms[22m[39m
     [32m✓[39m handles undo last event[32m 10[2mms[22m[39m
     [32m✓[39m toggles possession[32m 7[2mms[22m[39m
     [32m✓[39m starts a timeout[32m 6[2mms[22m[39m
[31m     [31m×[31m ends a period by starting a break[39m[32m 15[2mms[22m[39m
     [32m✓[39m allows adding a penalty goal[32m 31[2mms[22m[39m
     [32m✓[39m handles shot clock buzzer[32m 7[2mms[22m[39m
     [32m✓[39m handles transition to halftime break[32m 7[2mms[22m[39m
[31m     [31m×[31m handles transition to overtime[39m[33m 1018[2mms[22m[39m
     [32m✓[39m handles active timeout overlay[32m 20[2mms[22m[39m
     [32m✓[39m handles voting share modal[32m 18[2mms[22m[39m
     [32m✓[39m handles substitution flow[32m 29[2mms[22m[39m
     [32m✓[39m handles substitution limit exception - injury[32m 37[2mms[22m[39m

[31m⎯⎯⎯⎯⎯⎯⎯[39m[1m[41m Failed Tests 3 [49m[22m[31m⎯⎯⎯⎯⎯⎯⎯[39m

[41m[1m FAIL [22m[49m components/__tests__/MatchTracker.test.tsx[2m > [22mMatchTracker[2m > [22mallows adding a goal via roster click
[31m[1mTestingLibraryElementError[22m[39m: Unable to find an element with the text: matchTracker.goal. This could be because the text is broken up by multiple elements. In this case, you can provide a function for your text matcher to make your matcher more flexible.

Ignored nodes: comments, script, style
[36m<div[39m
  [33mclass[39m=[32m"grid grid-cols-2 gap-3"[39m
  [33mdata-testid[39m=[32m"select-action-modal"[39m
[36m>[39m
  [36m<button[39m
    [33mclass[39m=[32m"p-4 bg-emerald-50 text-emerald-700 border border-emerald-200 rounded-lg hover:bg-emerald-100 flex flex-col items-center gap-2"[39m
  [36m>[39m
    [36m<svg[39m
      [33maria-hidden[39m=[32m"true"[39m
      [33mclass[39m=[32m"lucide lucide-target"[39m
      [33mfill[39m=[32m"none"[39m
      [33mheight[39m=[32m"24"[39m
      [33mstroke[39m=[32m"currentColor"[39m
      [33mstroke-linecap[39m=[32m"round"[39m
      [33mstroke-linejoin[39m=[32m"round"[39m
      [33mstroke-width[39m=[32m"2"[39m
      [33mviewBox[39m=[32m"0 0 24 24"[39m
      [33mwidth[39m=[32m"24"[39m
      [33mxmlns[39m=[32m"http://www.w3.org/2000/svg"[39m
    [36m>[39m
      [36m<circle[39m
        [33mcx[39m=[32m"12"[39m
        [33mcy[39m=[32m"12"[39m
        [33mr[39m=[32m"10"[39m
      [36m/>[39m
      [36m<circle[39m
        [33mcx[39m=[32m"12"[39m
        [33mcy[39m=[32m"12"[39m
        [33mr[39m=[32m"6"[39m
      [36m/>[39m
      [36m<circle[39m
        [33mcx[39m=[32m"12"[39m
        [33mcy[39m=[32m"12"[39m
        [33mr[39m=[32m"2"[39m
      [36m/>[39m
    [36m</svg>[39m
    [0m [0m
    [0mmatchTracker.goal[0m
    [0m / [0m
    [0mmatchTracker.miss[0m
    [0m [0m
    [36m<kbd[39m
      [33mclass[39m=[32m"text-xs bg-white/50 px-1 rounded"[39m
    [36m>[39m
      [0m1[0m
    [36m</kbd>[39m
  [36m</button>[39m
  [36m<button[39m
    [33mclass[39m=[32m"p-4 bg-gray-50 text-gray-700 border border-gray-200 rounded-lg hover:bg-gray-100 flex flex-col items-center gap-2"[39m
  [36m>[39m
    [36m<svg[39m
      [33maria-hidden[39m=[32m"true"[39m
      [33mclass[39m=[32m"lucide lucide-arrow-right-left"[39m
      [33mfill[39m=[32m"none"[39m
      [33mheight[39m=[32m"24"[39m
      [33mstroke[39m=[32m"currentColor"[39m
      [33mstroke-linecap[39m=[32m"round"[39m
      [33mstroke-linejoin[39m=[32m"round"[39m
      [33mstroke-width[39m=[32m"2"[39m
      [33mviewBox[39m=[32m"0 0 24 24"[39m
      [33mwidth[39m=[32m"24"[39m
      [33mxmlns[39m=[32m"http://www.w3.org/2000/svg"[39m
    [36m>[39m
      [36m<path[39m
        [33md[39m=[32m"m16 3 4 4-4 4"[39m
      [36m/>[39m
      [36m<path[39m
        [33md[39m=[32m"M20 7H4"[39m
      [36m/>[39m
      [36m<path[39m
        [33md[39m=[32m"m8 21-4-4 4-4"[39m
      [36m/>[39m
      [36m<path[39m
        [33md[39m=[32m"M4 17h16"[39m
      [36m/>[39m
    [36m</svg>[39m
    [0m [0m
    [0mmatchTracker.turnover[0m
    [0m [0m
    [36m<kbd[39m
      [33mclass[39m=[32m"text-[10px] bg-black/10 px-1 rounded"[39m
    [36m>[39m
      [0m2[0m
    [36m</kbd>[39m
  [36m</button>[39m
  [36m<button[39m
    [33mclass[39m=[32m"p-4 bg-orange-50 text-orange-700 border border-orange-200 rounded-lg hover:bg-orange-100 flex flex-col items-center gap-2"[39m
  [36m>[39m
    [36m<svg[39m
      [33maria-hidden[39m=[32m"true"[39m
      [33mclass[39m=[32m"lucide lucide-triangle-alert"[39m
      [33mfill[39m=[32m"none"[39m
      [33mheight[39m=[32m"24"[39m
      [33mstroke[39m=[32m"currentColor"[39m
      [33mstroke-linecap[39m=[32m"round"[39m
      [33mstroke-linejoin[39m=[32m"round"[39m
      [33mstroke-width[39m=[32m"2"[39m
      [33mviewBox[39m=[32m"0 0 24 24"[39m
      [33mwidth[39m=[32m"24"[39m
      [33mxmlns[39m=[32m"http://www.w3.org/2000/svg"[39m
    [36m>[39m
      [36m<path[39m
        [33md[39m=[32m"m21.73 18-8-14a2 2 0 0 0-3.48 0l-8 14A2 2 0 0 0 4 21h16a2 2 0 0 0 1.73-3"[39m
      [36m/>[39m
      [36m<path[39m
        [33md[39m=[32m"M12 9v4"[39m
      [36m/>[39m
      [36m<path[39m
        [33md[39m=[32m"M12 17h.01"[39m
      [36m/>[39m
    [36m</svg>[39m
    [0m [0m
    [0mmatchTracker.foul[0m
    [0m [0m
    [36m<kbd[39m
      [33mclass[39m=[32m"text-[10px] bg-white/50 px-1 rounded"[39m
    [36m>[39m
      [0m3[0m
    [36m</kbd>[39m
  [36m</button>[39m
  [36m<button[39m
    [33mclass[39m=[32m"p-4 bg-blue-50 text-blue-700 border border-blue-200 rounded-lg hover:bg-blue-100 flex flex-col items-center gap-2"[39m
  [36m>[39m
    [36m<svg[39m
      [33maria-hidden[39m=[32m"true"[39m
      [33mclass[39m=[32m"lucide lucide-shield"[39m
      [33mfill[39m=[32m"none"[39m
      [33mheight[39m=[32m"24"[39m
      [33mstroke[39m=[32m"currentColor"[39m
      [33mstroke-linecap[39m=[32m"round"[39m
      [33mstroke-linejoin[39m=[32m"round"[39m
      [33mstroke-width[39m=[32m"2"[39m
      [33mviewBox[39m=[32m"0 0 24 24"[39m
      [33mwidth[39m=[32m"24"[39m
      [33mxmlns[39m=[32m"http://www.w3.org/2000/svg"[39m
    [36m>[39m
      [36m<path[39m
        [33md[39m=[32m"M20 13c0 5-3.5 7.5-7.66 8.95a1 1 0 0 1-.67-.01C7.5 20.5 4 18 4 13V6a1 1 0 0 1 1-1c2 0 4.5-1.2 6.24-2.72a1.17 1.17 0 0 1 1.52 0C14.51 3.81 17 5 19 5a1 1 0 0 1 1 1z"[39m
      [36m/>[39m
    [36m</svg>[39m
    [0m [0m
    [0mmatchTracker.rebound[0m
    [0m [0m
    [36m<kbd[39m
      [33mclass[39m=[32m"text-[10px] bg-white/50 px-1 rounded"[39m
    [36m>[39m
      [0m4[0m
    [36m</kbd>[39m
  [36m</button>[39m
  [36m<button[39m
    [33mclass[39m=[32m"p-4 bg-red-50 text-red-700 border border-red-200 rounded-lg hover:bg-red-100 flex flex-col items-center gap-2"[39m
  [36m>[39m
    [36m<svg[39m
      [33maria-hidden[39m=[32m"true"[39m
      [33mclass[39m=[32m"lucide lucide-gavel"[39m
      [33mfill[39m=[32m"none"[39m
      [33mheight[39m=[32m"24"[39m
      [33mstroke[39m=[32m"currentColor"[39m
      [33mstroke-linecap[39m=[32m"round"[39m
      [33mstroke-linejoin[39m=[32m"round"[39m
      [33mstroke-width[39m=[32m"2"[39m
      [33mviewBox[39m=[32m"0 0 24 24"[39m
      [33mwidth[39m=[32m"24"[39m
      [33mxmlns[39m=[32m"http://www.w3.org/2000/svg"[39m
    [36m>[39m
      [36m<path[39m
        [33md[39m=[32m"m14 13-8.381 8.38a1 1 0 0 1-3.001-3l8.384-8.381"[39m
      [36m/>[39m
      [36m<path[39m
        [33md[39m=[32m"m16 16 6-6"[39m
      [36m/>[39m
      [36m<path[39m
        [33md[39m=[32m"m21.5 10.5-8-8"[39m
      [36m/>[39m
      [36m<path[39m
        [33md[39m=[32m"m8 8 6-6"[39m
      [36m/>[39m
      [36m<path[39m
        [33md[39m=[32m"m8.5 7.5 8 8"[39m
      [36m/>[39m
    [36m</svg>[39m
    [0m [0m
    [0mmatchTracker.card[0m
    [0m [0m
    [36m<kbd[39m
      [33mclass[39m=[32m"text-[10px] bg-white/50 px-1 rounded"[39m
    [36m>[39m
      [0mC[0m
    [36m</kbd>[39m
  [36m</button>[39m
  [36m<button[39m
    [33mclass[39m=[32m"p-4 bg-gray-50 text-gray-700 border border-gray-200 rounded-lg hover:bg-gray-100 flex flex-col items-center gap-2"[39m
    [33mdata-testid[39m=[32m"action-substitution-btn"[39m
  [36m>[39m
    [36m<svg[39m
      [33maria-hidden[39m=[32m"true"[39m
      [33mclass[39m=[32m"lucide lucide-repeat"[39m
      [33mfill[39m=[32m"none"[39m
      [33mheight[39m=[32m"24"[39m
      [33mstroke[39m=[32m"currentColor"[39m
      [33mstroke-linecap[39m=[32m"round"[39m
      [33mstroke-linejoin[39m=[32m"round"[39m
      [33mstroke-width[39m=[32m"2"[39m
      [33mviewBox[39m=[32m"0 0 24 24"[39m
      [33mwidth[39m=[32m"24"[39m
      [33mxmlns[39m=[32m"http://www.w3.org/2000/svg"[39m
    [36m>[39m
      [36m<path[39m
        [33md[39m=[32m"m17 2 4 4-4 4"[39m
      [36m/>[39m
      [36m<path[39m
        [33md[39m=[32m"M3 11v-1a4 4 0 0 1 4-4h14"[39m
      [36m/>[39m
      [36m<path[39m
        [33md[39m=[32m"m7 22-4-4 4-4"[39m
      [36m/>[39m
      [36m<path[39m
        [33md[39m=[32m"M21 13v1a4 4 0 0 1-4 4H3"[39m
      [36m/>[39m
    [36m</svg>[39m
    [0m [0m
    [0mmatchTracker.substitution[0m
  [36m</button>[39m
[36m</div>[39m
[90m [2m❯[22m Object.getElementError node_modules/@testing-library/dom/dist/config.js:[2m37:19[22m[39m
[90m [2m❯[22m node_modules/@testing-library/dom/dist/query-helpers.js:[2m76:38[22m[39m
[90m [2m❯[22m node_modules/@testing-library/dom/dist/query-helpers.js:[2m52:17[22m[39m
[90m [2m❯[22m node_modules/@testing-library/dom/dist/query-helpers.js:[2m95:19[22m[39m
[36m [2m❯[22m components/__tests__/MatchTracker.test.tsx:[2m154:45[22m[39m
    [90m152| [39m        [90m// Modal with action buttons should appear[39m
    [90m153| [39m        const actionModal = await screen.findByTestId('select-action-m…
    [90m154| [39m        const goalBtn = within(actionModal).getByText('matchTracker.go…
    [90m   | [39m                                            [31m^[39m
    [90m155| [39m        fireEvent[33m.[39m[34mclick[39m(goalBtn)[33m;[39m
    [90m156| [39m        

[31m[2m⎯⎯⎯⎯⎯⎯⎯⎯⎯⎯⎯⎯⎯⎯⎯⎯⎯⎯⎯⎯⎯⎯⎯⎯[1/3]⎯[22m[39m

[41m[1m FAIL [22m[49m components/__tests__/MatchTracker.test.tsx[2m > [22mMatchTracker[2m > [22mends a period by starting a break
[31m[1mTestingLibraryElementError[22m[39m: Unable to find an element with the text: /matchTracker\.break/i. This could be because the text is broken up by multiple elements. In this case, you can provide a function for your text matcher to make your matcher more flexible.

Ignored nodes: comments, script, style
[36m<body>[39m
  [36m<div>[39m
    [36m<div[39m
      [33mclass[39m=[32m"min-h-screen bg-gray-100 dark:bg-gray-900 flex flex-col transition-colors duration-300"[39m
    [36m>[39m
      [36m<div[39m
        [33mclass[39m=[32m"bg-gray-900 text-white shadow-lg p-4 sticky top-0 z-40"[39m
      [36m>[39m
        [36m<div[39m
          [33mclass[39m=[32m"max-w-7xl mx-auto flex flex-col md:flex-row justify-between items-center gap-4"[39m
        [36m>[39m
          [36m<div[39m
            [33mclass[39m=[32m"flex items-center justify-between w-full md:w-auto gap-8 flex-1"[39m
          [36m>[39m
            [36m<div[39m
              [33mclass[39m=[32m"flex flex-col items-center p-3 rounded-lg transition-colors bg-gray-800 ring-2 ring-yellow-500"[39m
            [36m>[39m
              [36m<div[39m
                [33mclass[39m=[32m"w-3 h-3 rounded-full mb-1"[39m
                [33mstyle[39m=[32m"background-color: rgb(255, 0, 0);"[39m
              [36m/>[39m
              [36m<h2[39m
                [33mclass[39m=[32m"font-bold text-gray-400 text-xs md:text-sm uppercase"[39m
              [36m>[39m
                [0mHome Team[0m
              [36m</h2>[39m
              [36m<div[39m
                [33mclass[39m=[32m"text-5xl font-black font-mono text-white leading-none"[39m
              [36m>[39m
                [0m0[0m
              [36m</div>[39m
            [36m</div>[39m
            [36m<div[39m
              [33mclass[39m=[32m"flex flex-col items-center"[39m
            [36m>[39m
              [36m<div[39m
                [33mclass[39m=[32m"bg-black/50 px-6 py-2 rounded-t-lg border-b border-gray-700 w-48 text-center relative"[39m
              [36m>[39m
                [36m<div[39m
                  [33mclass[39m=[32m"text-4xl font-mono font-bold tracking-widest text-red-400"[39m
                [36m>[39m
                  [0m25:00[0m
                [36m</div>[39m
                [36m<div[39m
                  [33mclass[39m=[32m"text-[10px] text-gray-500 font-bold tracking-widest"[39m
                [36m>[39m
                  [0mHALF 1[0m
                [36m</div>[39m
              [36m</div>[39m
              [36m<div[39m
                [33mclass[39m=[32m"mt-2 flex flex-col items-center"[39m
              [36m>[39m
                [36m<div[39m
                  [33mclass[39m=[32m"text-3xl font-mono font-bold text-yellow-500"[39m
                [36m>[39m
                  [0m25[0m
                [36m</div>[39m
                [36m<div[39m
                  [33mclass[39m=[32m"text-[10px] text-gray-500 uppercase tracking-widest"[39m
                [36m>[39m
                  [0mSHOT CLOCK[0m
                [36m</div>[39m
              [36m</div>[39m
              [36m<button[39m
                [33mclass[39m=[32m"mt-2 w-32 bg-gray-800 hover:bg-gray-700 text-gray-300 py-1 px-2 rounded-lg text-xs flex items-center justify-center gap-1"[39m
              [36m>[39m
                [36m<svg[39m
                  [33maria-hidden[39m=[32m"true"[39m
                  [33mclass[39m=[32m"lucide lucide-arrow-right-left"[39m
                  [33mfill[39m=[32m"none"[39m
                  [33mheight[39m=[32m"12"[39m
                  [33mstroke[39m=[32m"currentColor"[39m
                  [33mstroke-linecap[39m=[32m"round"[39m
                  [33mstroke-linejoin[39m=[32m"round"[39m
                  [33mstroke-width[39m=[32m"2"[39m
                  [33mviewBox[39m=[32m"0 0 24 24"[39m
                  [33mwidth[39m=[32m"12"[39m
                  [33mxmlns[39m=[32m"http://www.w3.org/2000/svg"[39m
                [36m>[39m
                  [36m<path[39m
                    [33md[39m=[32m"m16 3 4 4-4 4"[39m
                  [36m/>[39m
                  [36m<path[39m
                    [33md[39m=[32m"M20 7H4"[39m
                  [36m/>[39m
                  [36m<path[39m
                    [33md[39m=[32m"m8 21-4-4 4-4"[39m
                  [36m/>[39m
                  [36m<path[39m
                    [33md[39m=[32m"M4 17h16"[39m
                  [36m/>[39m
                [36m</svg>[39m
                [0m Switch Poss [0m
                [36m<kbd[39m
                  [33mclass[39m=[32m"hidden lg:inline ml-1 text-[9px] opacity-70 bg-black/30 px-1 rounded"[39m
                [36m>[39m
                  [0mA/H[0m
                [36m</kbd>[39m
              [36m</button>[39m
            [36m</div>[39m
            [36m<div[39m
              [33mclass[39m=[32m"flex flex-col items-center p-3 rounded-lg transition-colors "[39m
            [36m>[39m
              [36m<div[39m
                [33mclass[39m=[32m"w-3 h-3 rounded-full mb-1"[39m
                [33mstyle[39m=[32m"background-color: rgb(0, 0, 255);"[39m
              [36m/>[39m
              [36m<h2[39m
                [33mclass[39m=[32m"font-bold text-gray-400 text-xs md:text-sm uppercase"[39m
              [36m>[39m
                [0mAway Team[0m
              [36m</h2>[39m
              [36m<div[39m
                [33mclass[39m=[32m"text-5xl font-black font-mono text-white leading-none"[39m
              [36m>[39m
                [0m0[0m
              [36m</div>[39m
            [36m</div>[39m
          [36m</div>[39m
          [36m<div[39m
            [33mclass[39m=[32m"flex items-center gap-2"[39m
          [36m>[39m
            [36m<button[39m
              [33mclass[39m=[32m"p-2 rounded text-xs font-bold bg-gray-700 hover:bg-gray-600 text-gray-300"[39m
              [33mtitle[39m=[32m"matchTracker.mute"[39m
            [36m>[39m
              [36m<svg[39m
                [33maria-hidden[39m=[32m"true"[39m
                [33mclass[39m=[32m"lucide lucide-volume2 lucide-volume-2"[39m
                [33mfill[39m=[32m"none"[39m
                [33mheight[39m=[32m"20"[39m
                [33mstroke[39m=[32m"currentColor"[39m
                [33mstroke-linecap[39m=[32m"round"[39m
                [33mstroke-linejoin[39m=[32m"round"[39m
                [33mstroke-width[39m=[32m"2"[39m
                [33mviewBox[39m=[32m"0 0 24 24"[39m
                [33mwidth[39m=[32m"20"[39m
                [33mxmlns[39m=[32m"http://www.w3.org/2000/svg"[39m
              [36m>[39m
                [36m<path[39m
                  [33md[39m=[32m"M11 4.702a.705.705 0 0 0-1.203-.498L6.413 7.587A1.4 1.4 0 0 1 5.416 8H3a1 1 0 0 0-1 1v6a1 1 0 0 0 1 1h2.416a1.4 1.4 0 0 1 .997.413l3.383 3.384A.705.705 0 0 0 11 19.298z"[39m
                [36m/>[39m
                [36m<path[39m
                  [33md[39m=[32m"M16 9a5 5 0 0 1 0 6"[39m
                [36m/>[39m
                [36m<path[39m
                  [33md[39m=[32m"M19.364 18.3...
[90m [2m❯[22m Object.getElementError node_modules/@testing-library/dom/dist/config.js:[2m37:19[22m[39m
[90m [2m❯[22m node_modules/@testing-library/dom/dist/query-helpers.js:[2m76:38[22m[39m
[90m [2m❯[22m node_modules/@testing-library/dom/dist/query-helpers.js:[2m52:17[22m[39m
[90m [2m❯[22m node_modules/@testing-library/dom/dist/query-helpers.js:[2m95:19[22m[39m
[36m [2m❯[22m components/__tests__/MatchTracker.test.tsx:[2m378:32[22m[39m
    [90m376| [39m
    [90m377| [39m        [90m// Click Start Break in the modal[39m
    [90m378| [39m        fireEvent[33m.[39m[34mclick[39m(screen[33m.[39m[34mgetByText[39m([36m/matchTracker\.break/i[39m))[33m;[39m
    [90m   | [39m                               [31m^[39m
    [90m379| [39m
    [90m380| [39m        [34mexpect[39m(mockUpdateMatch)[33m.[39m[34mtoHaveBeenCalled[39m()[33m;[39m

[31m[2m⎯⎯⎯⎯⎯⎯⎯⎯⎯⎯⎯⎯⎯⎯⎯⎯⎯⎯⎯⎯⎯⎯⎯⎯[2/3]⎯[22m[39m

[41m[1m FAIL [22m[49m components/__tests__/MatchTracker.test.tsx[2m > [22mMatchTracker[2m > [22mhandles transition to overtime
[31m[1mTestingLibraryElementError[22m[39m: Unable to find an element by: [data-testid="select-overtime-duration-modal"]

Ignored nodes: comments, script, style
[36m<body>[39m
  [36m<div>[39m
    [36m<div[39m
      [33mclass[39m=[32m"min-h-screen bg-gray-100 dark:bg-gray-900 flex flex-col transition-colors duration-300"[39m
    [36m>[39m
      [36m<div[39m
        [33mclass[39m=[32m"bg-gray-900 text-white shadow-lg p-4 sticky top-0 z-40"[39m
      [36m>[39m
        [36m<div[39m
          [33mclass[39m=[32m"max-w-7xl mx-auto flex flex-col md:flex-row justify-between items-center gap-4"[39m
        [36m>[39m
          [36m<div[39m
            [33mclass[39m=[32m"flex items-center justify-between w-full md:w-auto gap-8 flex-1"[39m
          [36m>[39m
            [36m<div[39m
              [33mclass[39m=[32m"flex flex-col items-center p-3 rounded-lg transition-colors bg-gray-800 ring-2 ring-yellow-500"[39m
            [36m>[39m
              [36m<div[39m
                [33mclass[39m=[32m"w-3 h-3 rounded-full mb-1"[39m
                [33mstyle[39m=[32m"background-color: rgb(255, 0, 0);"[39m
              [36m/>[39m
              [36m<h2[39m
                [33mclass[39m=[32m"font-bold text-gray-400 text-xs md:text-sm uppercase"[39m
              [36m>[39m
                [0mHome Team[0m
              [36m</h2>[39m
              [36m<div[39m
                [33mclass[39m=[32m"text-5xl font-black font-mono text-white leading-none"[39m
              [36m>[39m
                [0m0[0m
              [36m</div>[39m
            [36m</div>[39m
            [36m<div[39m
              [33mclass[39m=[32m"flex flex-col items-center"[39m
            [36m>[39m
              [36m<div[39m
                [33mclass[39m=[32m"bg-black/50 px-6 py-2 rounded-t-lg border-b border-gray-700 w-48 text-center relative"[39m
              [36m>[39m
                [36m<div[39m
                  [33mclass[39m=[32m"text-4xl font-mono font-bold tracking-widest text-red-400"[39m
                [36m>[39m
                  [0m00:00[0m
                [36m</div>[39m
                [36m<div[39m
                  [33mclass[39m=[32m"text-[10px] text-gray-500 font-bold tracking-widest"[39m
                [36m>[39m
                  [0mHALF 2[0m
                [36m</div>[39m
              [36m</div>[39m
              [36m<div[39m
                [33mclass[39m=[32m"mt-2 flex flex-col items-center"[39m
              [36m>[39m
                [36m<div[39m
                  [33mclass[39m=[32m"text-3xl font-mono font-bold text-yellow-500"[39m
                [36m>[39m
                  [0m25[0m
                [36m</div>[39m
                [36m<div[39m
                  [33mclass[39m=[32m"text-[10px] text-gray-500 uppercase tracking-widest"[39m
                [36m>[39m
                  [0mSHOT CLOCK[0m
                [36m</div>[39m
              [36m</div>[39m
              [36m<button[39m
                [33mclass[39m=[32m"mt-2 w-32 bg-gray-800 hover:bg-gray-700 text-gray-300 py-1 px-2 rounded-lg text-xs flex items-center justify-center gap-1"[39m
              [36m>[39m
                [36m<svg[39m
                  [33maria-hidden[39m=[32m"true"[39m
                  [33mclass[39m=[32m"lucide lucide-arrow-right-left"[39m
                  [33mfill[39m=[32m"none"[39m
                  [33mheight[39m=[32m"12"[39m
                  [33mstroke[39m=[32m"currentColor"[39m
                  [33mstroke-linecap[39m=[32m"round"[39m
                  [33mstroke-linejoin[39m=[32m"round"[39m
                  [33mstroke-width[39m=[32m"2"[39m
                  [33mviewBox[39m=[32m"0 0 24 24"[39m
                  [33mwidth[39m=[32m"12"[39m
                  [33mxmlns[39m=[32m"http://www.w3.org/2000/svg"[39m
                [36m>[39m
                  [36m<path[39m
                    [33md[39m=[32m"m16 3 4 4-4 4"[39m
                  [36m/>[39m
                  [36m<path[39m
                    [33md[39m=[32m"M20 7H4"[39m
                  [36m/>[39m
                  [36m<path[39m
                    [33md[39m=[32m"m8 21-4-4 4-4"[39m
                  [36m/>[39m
                  [36m<path[39m
                    [33md[39m=[32m"M4 17h16"[39m
                  [36m/>[39m
                [36m</svg>[39m
                [0m Switch Poss [0m
                [36m<kbd[39m
                  [33mclass[39m=[32m"hidden lg:inline ml-1 text-[9px] opacity-70 bg-black/30 px-1 rounded"[39m
                [36m>[39m
                  [0mA/H[0m
                [36m</kbd>[39m
              [36m</button>[39m
            [36m</div>[39m
            [36m<div[39m
              [33mclass[39m=[32m"flex flex-col items-center p-3 rounded-lg transition-colors "[39m
            [36m>[39m
              [36m<div[39m
                [33mclass[39m=[32m"w-3 h-3 rounded-full mb-1"[39m
                [33mstyle[39m=[32m"background-color: rgb(0, 0, 255);"[39m
              [36m/>[39m
              [36m<h2[39m
                [33mclass[39m=[32m"font-bold text-gray-400 text-xs md:text-sm uppercase"[39m
              [36m>[39m
                [0mAway Team[0m
              [36m</h2>[39m
              [36m<div[39m
                [33mclass[39m=[32m"text-5xl font-black font-mono text-white leading-none"[39m
              [36m>[39m
                [0m0[0m
              [36m</div>[39m
            [36m</div>[39m
          [36m</div>[39m
          [36m<div[39m
            [33mclass[39m=[32m"flex items-center gap-2"[39m
          [36m>[39m
            [36m<button[39m
              [33mclass[39m=[32m"p-2 rounded text-xs font-bold bg-gray-700 hover:bg-gray-600 text-gray-300"[39m
              [33mtitle[39m=[32m"matchTracker.mute"[39m
            [36m>[39m
              [36m<svg[39m
                [33maria-hidden[39m=[32m"true"[39m
                [33mclass[39m=[32m"lucide lucide-volume2 lucide-volume-2"[39m
                [33mfill[39m=[32m"none"[39m
                [33mheight[39m=[32m"20"[39m
                [33mstroke[39m=[32m"currentColor"[39m
                [33mstroke-linecap[39m=[32m"round"[39m
                [33mstroke-linejoin[39m=[32m"round"[39m
                [33mstroke-width[39m=[32m"2"[39m
                [33mviewBox[39m=[32m"0 0 24 24"[39m
                [33mwidth[39m=[32m"20"[39m
                [33mxmlns[39m=[32m"http://www.w3.org/2000/svg"[39m
              [36m>[39m
                [36m<path[39m
                  [33md[39m=[32m"M11 4.702a.705.705 0 0 0-1.203-.498L6.413 7.587A1.4 1.4 0 0 1 5.416 8H3a1 1 0 0 0-1 1v6a1 1 0 0 0 1 1h2.416a1.4 1.4 0 0 1 .997.413l3.383 3.384A.705.705 0 0 0 11 19.298z"[39m
                [36m/>[39m
                [36m<path[39m
                  [33md[39m=[32m"M16 9a5 5 0 0 1 0 6"[39m
                [36m/>[39m
                [36m<path[39m
                  [33md[39m=[32m"M19.364 18.3...

Ignored nodes: comments, script, style
[36m<body>[39m
  [36m<div>[39m
    [36m<div[39m
      [33mclass[39m=[32m"min-h-screen bg-gray-100 dark:bg-gray-900 flex flex-col transition-colors duration-300"[39m
    [36m>[39m
      [36m<div[39m
        [33mclass[39m=[32m"bg-gray-900 text-white shadow-lg p-4 sticky top-0 z-40"[39m
      [36m>[39m
        [36m<div[39m
          [33mclass[39m=[32m"max-w-7xl mx-auto flex flex-col md:flex-row justify-between items-center gap-4"[39m
        [36m>[39m
          [36m<div[39m
            [33mclass[39m=[32m"flex items-center justify-between w-full md:w-auto gap-8 flex-1"[39m
          [36m>[39m
            [36m<div[39m
              [33mclass[39m=[32m"flex flex-col items-center p-3 rounded-lg transition-colors bg-gray-800 ring-2 ring-yellow-500"[39m
            [36m>[39m
              [36m<div[39m
                [33mclass[39m=[32m"w-3 h-3 rounded-full mb-1"[39m
                [33mstyle[39m=[32m"background-color: rgb(255, 0, 0);"[39m
              [36m/>[39m
              [36m<h2[39m
                [33mclass[39m=[32m"font-bold text-gray-400 text-xs md:text-sm uppercase"[39m
              [36m>[39m
                [0mHome Team[0m
              [36m</h2>[39m
              [36m<div[39m
                [33mclass[39m=[32m"text-5xl font-black font-mono text-white leading-none"[39m
              [36m>[39m
                [0m0[0m
              [36m</div>[39m
            [36m</div>[39m
            [36m<div[39m
              [33mclass[39m=[32m"flex flex-col items-center"[39m
            [36m>[39m
              [36m<div[39m
                [33mclass[39m=[32m"bg-black/50 px-6 py-2 rounded-t-lg border-b border-gray-700 w-48 text-center relative"[39m
              [36m>[39m
                [36m<div[39m
                  [33mclass[39m=[32m"text-4xl font-mono font-bold tracking-widest text-red-400"[39m
                [36m>[39m
                  [0m00:00[0m
                [36m</div>[39m
                [36m<div[39m
                  [33mclass[39m=[32m"text-[10px] text-gray-500 font-bold tracking-widest"[39m
                [36m>[39m
                  [0mHALF 2[0m
                [36m</div>[39m
              [36m</div>[39m
              [36m<div[39m
                [33mclass[39m=[32m"mt-2 flex flex-col items-center"[39m
              [36m>[39m
                [36m<div[39m
                  [33mclass[39m=[32m"text-3xl font-mono font-bold text-yellow-500"[39m
                [36m>[39m
                  [0m25[0m
                [36m</div>[39m
                [36m<div[39m
                  [33mclass[39m=[32m"text-[10px] text-gray-500 uppercase tracking-widest"[39m
                [36m>[39m
                  [0mSHOT CLOCK[0m
                [36m</div>[39m
              [36m</div>[39m
              [36m<button[39m
                [33mclass[39m=[32m"mt-2 w-32 bg-gray-800 hover:bg-gray-700 text-gray-300 py-1 px-2 rounded-lg text-xs flex items-center justify-center gap-1"[39m
              [36m>[39m
                [36m<svg[39m
                  [33maria-hidden[39m=[32m"true"[39m
                  [33mclass[39m=[32m"lucide lucide-arrow-right-left"[39m
                  [33mfill[39m=[32m"none"[39m
                  [33mheight[39m=[32m"12"[39m
                  [33mstroke[39m=[32m"currentColor"[39m
                  [33mstroke-linecap[39m=[32m"round"[39m
                  [33mstroke-linejoin[39m=[32m"round"[39m
                  [33mstroke-width[39m=[32m"2"[39m
                  [33mviewBox[39m=[32m"0 0 24 24"[39m
                  [33mwidth[39m=[32m"12"[39m
                  [33mxmlns[39m=[32m"http://www.w3.org/2000/svg"[39m
                [36m>[39m
                  [36m<path[39m
                    [33md[39m=[32m"m16 3 4 4-4 4"[39m
                  [36m/>[39m
                  [36m<path[39m
                    [33md[39m=[32m"M20 7H4"[39m
                  [36m/>[39m
                  [36m<path[39m
                    [33md[39m=[32m"m8 21-4-4 4-4"[39m
                  [36m/>[39m
                  [36m<path[39m
                    [33md[39m=[32m"M4 17h16"[39m
                  [36m/>[39m
                [36m</svg>[39m
                [0m Switch Poss [0m
                [36m<kbd[39m
                  [33mclass[39m=[32m"hidden lg:inline ml-1 text-[9px] opacity-70 bg-black/30 px-1 rounded"[39m
                [36m>[39m
                  [0mA/H[0m
                [36m</kbd>[39m
              [36m</button>[39m
            [36m</div>[39m
            [36m<div[39m
              [33mclass[39m=[32m"flex flex-col items-center p-3 rounded-lg transition-colors "[39m
            [36m>[39m
              [36m<div[39m
                [33mclass[39m=[32m"w-3 h-3 rounded-full mb-1"[39m
                [33mstyle[39m=[32m"background-color: rgb(0, 0, 255);"[39m
              [36m/>[39m
              [36m<h2[39m
                [33mclass[39m=[32m"font-bold text-gray-400 text-xs md:text-sm uppercase"[39m
              [36m>[39m
                [0mAway Team[0m
              [36m</h2>[39m
              [36m<div[39m
                [33mclass[39m=[32m"text-5xl font-black font-mono text-white leading-none"[39m
              [36m>[39m
                [0m0[0m
              [36m</div>[39m
            [36m</div>[39m
          [36m</div>[39m
          [36m<div[39m
            [33mclass[39m=[32m"flex items-center gap-2"[39m
          [36m>[39m
            [36m<button[39m
              [33mclass[39m=[32m"p-2 rounded text-xs font-bold bg-gray-700 hover:bg-gray-600 text-gray-300"[39m
              [33mtitle[39m=[32m"matchTracker.mute"[39m
            [36m>[39m
              [36m<svg[39m
                [33maria-hidden[39m=[32m"true"[39m
                [33mclass[39m=[32m"lucide lucide-volume2 lucide-volume-2"[39m
                [33mfill[39m=[32m"none"[39m
                [33mheight[39m=[32m"20"[39m
                [33mstroke[39m=[32m"currentColor"[39m
                [33mstroke-linecap[39m=[32m"round"[39m
                [33mstroke-linejoin[39m=[32m"round"[39m
                [33mstroke-width[39m=[32m"2"[39m
                [33mviewBox[39m=[32m"0 0 24 24"[39m
                [33mwidth[39m=[32m"20"[39m
                [33mxmlns[39m=[32m"http://www.w3.org/2000/svg"[39m
              [36m>[39m
                [36m<path[39m
                  [33md[39m=[32m"M11 4.702a.705.705 0 0 0-1.203-.498L6.413 7.587A1.4 1.4 0 0 1 5.416 8H3a1 1 0 0 0-1 1v6a1 1 0 0 0 1 1h2.416a1.4 1.4 0 0 1 .997.413l3.383 3.384A.705.705 0 0 0 11 19.298z"[39m
                [36m/>[39m
                [36m<path[39m
                  [33md[39m=[32m"M16 9a5 5 0 0 1 0 6"[39m
                [36m/>[39m
                [36m<path[39m
                  [33md[39m=[32m"M19.364 18.3...
[90m [2m❯[22m waitForWrapper node_modules/@testing-library/dom/dist/wait-for.js:[2m163:27[22m[39m
[90m [2m❯[22m node_modules/@testing-library/dom/dist/query-helpers.js:[2m86:33[22m[39m
[36m [2m❯[22m components/__tests__/MatchTracker.test.tsx:[2m484:46[22m[39m
    [90m482| [39m        fireEvent[33m.[39m[34mclick[39m(otBtn)[33m;[39m
    [90m483| [39m        
    [90m484| [39m        const otDurationModal = await screen.findByTestId('select-over…
    [90m   | [39m                                             [31m^[39m
    [90m485| [39m        const startOtBtn = within(otDurationModal).getByText('matchTra…
    [90m486| [39m        fireEvent[33m.[39m[34mclick[39m(startOtBtn)[33m;[39m

[31m[2m⎯⎯⎯⎯⎯⎯⎯⎯⎯⎯⎯⎯⎯⎯⎯⎯⎯⎯⎯⎯⎯⎯⎯⎯[3/3]⎯[22m[39m


[2m Test Files [22m [1m[31m1 failed[39m[22m[90m (1)[39m
[2m      Tests [22m [1m[31m3 failed[39m[22m[2m | [22m[1m[32m17 passed[39m[22m[90m (20)[39m
[2m   Start at [22m 08:06:27
[2m   Duration [22m 2.31s[2m (transform 151ms, setup 83ms, import 235ms, tests 1.40s, environment 418ms)[22m

